22:17:57 **** Incremental Build of configuration Debug for project 005HSI_Measurement ****
make -j4 all 
arm-none-eabi-gcc "../Src/main.c" -mcpu=cortex-m4 -std=gnu11 -g3 -DSTM32 -DSTM32F4 -DSTM32F446RETx -DDEBUG -DNUCLEO_F446RE -c -I../Inc -O0 -ffunction-sections -fdata-sections -Wall -fstack-usage -MMD -MP -MF"Src/main.d" -MT"Src/main.o" --specs=nano.specs -mfloat-abi=soft -mthumb -o "Src/main.o"
arm-none-eabi-gcc -o "005HSI_Measurement.elf" @"objects.list"   -mcpu=cortex-m4 -T"C:\Users\leloc\Desktop\MCU-Course\MCU1\005HSI_Measurement\STM32F446RETX_FLASH.ld" --specs=nosys.specs -Wl,-Map="005HSI_Measurement.map" -Wl,--gc-sections -static --specs=nano.specs -mfloat-abi=soft -mthumb -Wl,--start-group -lc -lm -Wl,--end-group
Finished building target: 005HSI_Measurement.elf
 
arm-none-eabi-objdump -h -S  005HSI_Measurement.elf  > "005HSI_Measurement.list"
arm-none-eabi-size   005HSI_Measurement.elf 
   text	   data	    bss	    dec	    hex	filename
    820	      8	   1568	   2396	    95c	005HSI_Measurement.elf
Finished building: default.size.stdout
 
Finished building: 005HSI_Measurement.list
 

22:18:00 Build Finished. 0 errors, 0 warnings. (took 3s.687ms)

